ffmpeg version 8.0.1-3ubuntu2 Copyright (c) 2000-2025 the FFmpeg developers
  built with gcc 15 (Ubuntu 15.2.0-13ubuntu3)
  configuration: --prefix=/usr --extra-version=3ubuntu2 --toolchain=hardened --libdir=/usr/lib/x86_64-linux-gnu --incdir=/usr/include/x86_64-linux-gnu --arch=amd64 --enable-gpl --disable-stripping --disable-pocketsphinx --disable-libcaca --disable-libmfx --disable-omx --enable-gnutls --enable-libaom --enable-libass --enable-libbs2b --enable-libcdio --enable-libcodec2 --enable-libdav1d --enable-libflite --enable-libfontconfig --enable-libfreetype --enable-libfribidi --enable-libglslang --enable-libgme --enable-libgsm --enable-libharfbuzz --enable-libmp3lame --enable-libmysofa --enable-libopenjpeg --enable-libopenmpt --enable-libopus --enable-librubberband --enable-libshine --enable-libsnappy --enable-libsoxr --enable-libspeex --enable-libtheora --enable-libtwolame --enable-libvidstab --enable-libvorbis --enable-libvpx --enable-libwebp --enable-libx265 --enable-libxml2 --enable-libxvid --enable-libzimg --enable-openal --enable-opencl --enable-opengl --disable-sndio --enable-libvpl --enable-libdc1394 --enable-libdrm --enable-libiec61883 --enable-chromaprint --enable-frei0r --enable-ladspa --enable-libbluray --enable-libdvdnav --enable-libdvdread --enable-libjack --enable-libjxl --enable-libpulse --enable-librabbitmq --enable-librist --enable-libsrt --enable-libssh --enable-libsvtav1 --enable-libx264 --enable-libzmq --enable-libzvbi --enable-lv2 --enable-sdl2 --enable-libplacebo --enable-librav1e --enable-librsvg --enable-shared
  libavutil      60.  8.100 / 60.  8.100
  libavcodec     62. 11.100 / 62. 11.100
  libavformat    62.  3.100 / 62.  3.100
  libavdevice    62.  1.100 / 62.  1.100
  libavfilter    11.  4.100 / 11.  4.100
  libswscale      9.  1.100 /  9.  1.100
  libswresample   6.  1.100 /  6.  1.100
Input #0, matroska,webm, from 'artifacts/m11-candidates/m11-interaction.webm':
  Metadata:
    creation_time   : 2026-09-10T06:39:15.992000Z
    ENCODER         : Lavf61.1.100
  Duration: 00:00:47.16, start: 0.000000, bitrate: 864 kb/s
  Stream #0:0(eng): Video: vp8, yuv420p(progressive), 1280x800, SAR 1:1 DAR 8:5, 25 fps, 25 tbr, 1k tbn (default)
    Metadata:
      ENCODER         : Lavc61.3.100 libvpx
      DURATION        : 00:00:47.160000000
Stream mapping:
  Stream #0:0 -> #0:0 (vp8 (native) -> h264 (libx264))
[libx264 @ 0x5a4a8a352a40] using SAR=1/1
[libx264 @ 0x5a4a8a352a40] using cpu capabilities: MMX2 SSE2Fast SSSE3 SSE4.2 AVX FMA3 BMI2 AVX2 AVX512
[libx264 @ 0x5a4a8a352a40] profile High, level 3.2, 4:2:0, 8-bit
[libx264 @ 0x5a4a8a352a40] 264 - core 165 - H.264/MPEG-4 AVC codec - Copyleft 2003-2025 - http://www.videolan.org/x264.html - options: cabac=1 ref=2 deblock=1:0:0 analyse=0x3:0x113 me=hex subme=6 psy=1 psy_rd=1.00:0.00 mixed_ref=1 me_range=16 chroma_me=1 trellis=1 8x8dct=1 cqm=0 deadzone=21,11 fast_pskip=1 chroma_qp_offset=-2 threads=25 lookahead_threads=4 sliced_threads=0 nr=0 decimate=1 interlaced=0 bluray_compat=0 constrained_intra=0 bframes=3 b_pyramid=2 b_adapt=1 b_bias=0 direct=1 weightb=1 open_gop=0 weightp=1 keyint=250 keyint_min=25 scenecut=40 intra_refresh=0 rc_lookahead=30 rc=crf mbtree=1 crf=24.0 qcomp=0.60 qpmin=0 qpmax=69 qpstep=4 ip_ratio=1.40 aq=1:1.00
Output #0, mp4, to 'artifacts/m11-candidates/m11-interaction.mp4':
  Metadata:
    encoder         : Lavf62.3.100
  Stream #0:0(eng): Video: h264 (avc1 / 0x31637661), yuv420p(tv, bt470bg/unknown/unknown, progressive), 1280x800 [SAR 1:1 DAR 8:5], q=2-31, 25 fps, 12800 tbn (default)
    Metadata:
      encoder         : Lavc62.11.100 libx264
      DURATION        : 00:00:47.160000000
    Side data:
      cpb: bitrate max/min/avg: 0/0/0 buffer size: 0 vbv_delay: N/A
frame=  410 fps=0.0 q=29.0 size=     768KiB time=00:00:16.32 bitrate= 385.5kbits/s speed=32.6x elapsed=0:00:00.50    frame=  784 fps=784 q=29.0 size=    2304KiB time=00:00:31.28 bitrate= 603.4kbits/s speed=31.3x elapsed=0:00:01.00    [mp4 @ 0x5a4a8a352100] Starting second pass: moving the moov atom to the beginning of the file
[out#0/mp4 @ 0x5a4a8a352000] video:3400KiB audio:0KiB subtitle:0KiB other streams:0KiB global headers:0KiB muxing overhead: 0.425240%
frame= 1179 fps=837 q=-1.0 Lsize=    3414KiB time=00:00:47.08 bitrate= 594.1kbits/s speed=33.4x elapsed=0:00:01.40    
[libx264 @ 0x5a4a8a352a40] frame I:5     Avg QP:16.98  size:107135
[libx264 @ 0x5a4a8a352a40] frame P:333   Avg QP:19.98  size:  7946
[libx264 @ 0x5a4a8a352a40] frame B:841   Avg QP:17.64  size:   355
[libx264 @ 0x5a4a8a352a40] consecutive B-frames:  3.1%  4.1%  4.3% 88.5%
[libx264 @ 0x5a4a8a352a40] mb I  I16..4: 37.5% 30.5% 32.1%
[libx264 @ 0x5a4a8a352a40] mb P  I16..4:  1.9%  1.7%  1.2%  P16..4:  9.9%  1.1%  0.9%  0.0%  0.0%    skip:83.4%
[libx264 @ 0x5a4a8a352a40] mb B  I16..4:  0.4%  0.2%  0.0%  B16..8:  1.1%  0.1%  0.0%  direct: 0.5%  skip:97.6%  L0:37.2% L1:60.2% BI: 2.6%
[libx264 @ 0x5a4a8a352a40] 8x8 transform intra:33.8% inter:43.0%
[libx264 @ 0x5a4a8a352a40] coded y,uvDC,uvAC intra: 32.5% 39.4% 26.2% inter: 1.5% 2.4% 1.0%
[libx264 @ 0x5a4a8a352a40] i16 v,h,dc,p: 37% 50%  9%  4%
[libx264 @ 0x5a4a8a352a40] i8 v,h,dc,ddl,ddr,vr,hd,vl,hu: 31% 26% 33%  1%  1%  1%  2%  1%  3%
[libx264 @ 0x5a4a8a352a40] i4 v,h,dc,ddl,ddr,vr,hd,vl,hu: 29% 36% 13%  3%  3%  3%  4%  3%  5%
[libx264 @ 0x5a4a8a352a40] i8c dc,h,v,p: 50% 31% 16%  3%
[libx264 @ 0x5a4a8a352a40] Weighted P-Frames: Y:0.0% UV:0.0%
[libx264 @ 0x5a4a8a352a40] ref P L0: 79.9% 20.1%
[libx264 @ 0x5a4a8a352a40] ref B L0: 82.9% 17.1%
[libx264 @ 0x5a4a8a352a40] ref B L1: 94.1%  5.9%
[libx264 @ 0x5a4a8a352a40] kb/s:590.44
